// Jest Snapshot v1, https://goo.gl/fbAQLP

exports[`renders correctly 1`] = `
<View
  style={
    {
      "alignItems": "center",
      "backgroundColor": "#fff023",
      "borderColor": "transparent",
      "borderRadius": 15,
      "borderWidth": 0,
      "flexDirection": "row",
      "justifyContent": "space-between",
    }
  }
>
  <Text />
  <View
    style={
      {
        "flexDirection": "column",
        "padding": 10,
      }
    }
  >
    <Text>
      Vous
    </Text>
    <Text>
      0 pts
    </Text>
    <Text>
      Niveau 1 ( 0% )
    </Text>
  </View>
  <View
    style={
      {
        "alignItems": "center",
        "backgroundColor": "#fff",
        "borderRadius": 15,
        "flexDirection": "column",
        "padding": 10,
      }
    }
  >
    <Image
      source={1}
      style={
        {
          "height": 50,
          "padding": 10,
          "width": 30,
        }
      }
    />
    <Text>
      30
    </Text>
  </View>
</View>
`;
