// Jest Snapshot v1, https://goo.gl/fbAQLP

exports[`renders correctly 1`] = `
<View
  accessibilityState={
    {
      "busy": undefined,
      "checked": undefined,
      "disabled": undefined,
      "expanded": undefined,
      "selected": undefined,
    }
  }
  accessibilityValue={
    {
      "max": undefined,
      "min": undefined,
      "now": undefined,
      "text": undefined,
    }
  }
  accessible={true}
  collapsable={false}
  focusable={true}
  onBlur={[Function]}
  onClick={[Function]}
  onFocus={[Function]}
  onResponderGrant={[Function]}
  onResponderMove={[Function]}
  onResponderRelease={[Function]}
  onResponderTerminate={[Function]}
  onResponderTerminationRequest={[Function]}
  onStartShouldSetResponder={[Function]}
  style={
    [
      {
        "alignItems": "center",
        "borderRadius": 5,
        "marginVertical": 5,
        "padding": 15,
        "width": "100%",
      },
      {
        "backgroundColor": "#FFA726",
      },
      {},
    ]
  }
>
  <Text
    style={
      [
        {
          "color": "white",
          "fontWeight": "bold",
        },
        undefined,
        {},
      ]
    }
  >
    Press me
  </Text>
</View>
`;
